com/ravish/bioprime/data/model/DefinePages.class
com/ravish/bioprime/payload/DataType.class
com/ravish/bioprime/page/service/IsolateService.class
com/ravish/bioprime/service/diff_match_patch$LinesToCharsResult.class
com/ravish/bioprime/csvreader.class
com/ravish/bioprime/config/SecurityConfig.class
com/ravish/bioprime/payload/ToDoModel.class
com/ravish/bioprime/payload/Node1.class
com/ravish/bioprime/page/service/UnitOfMeasureService.class
com/ravish/bioprime/repository/BmsConfigurationRepository.class
com/ravish/bioprime/payload/SubChildMenuModel.class
com/ravish/bioprime/payload/JsonModel.class
com/ravish/bioprime/service/diff_match_patch$Diff.class
com/ravish/bioprime/repository/WorkflowroleRepository.class
com/ravish/bioprime/repository/CustomerModuleRepository.class
com/ravish/bioprime/service/ShortUrlService.class
com/ravish/bioprime/CurrentTenantId.class
com/ravish/bioprime/page/service/CommonMasterService.class
com/ravish/bioprime/shorturl/TestSpring.class
com/ravish/bioprime/page/service/DepartmentService.class
com/ravish/bioprime/shorturl/ShortUrlResponse.class
com/ravish/bioprime/Test.class
com/ravish/bioprime/config/AuditorAwareImpl.class
com/ravish/bioprime/data/model/TbMicrobeTypeMaster.class
com/ravish/bioprime/page/service/ResourceService.class
com/ravish/bioprime/data/model/Tbmenu.class
com/ravish/bioprime/payload/BmsConfigurationModel.class
com/ravish/bioprime/repository/CommonMasterTypeRepository.class
com/ravish/bioprime/repository/DepartmentRepository.class
com/ravish/bioprime/repository/ActivityRepository.class
com/ravish/bioprime/repository/UserActivityAccessRepository.class
com/ravish/bioprime/payload/MenuPayload.class
com/ravish/bioprime/shorturl/Easytinyurl.class
com/ravish/bioprime/page/service/UserActivityAccess.class
com/ravish/bioprime/data/model/TbDepartment.class
com/ravish/bioprime/payload/DepartmentModel.class
com/ravish/bioprime/payload/activityModel.class
com/ravish/bioprime/payload/UserModel.class
com/ravish/bioprime/util/DateUtil.class
com/ravish/bioprime/data/model/Tbunitofmeasure.class
com/ravish/bioprime/tenants/TenantRepository.class
com/ravish/bioprime/payload/ModuleItemModel.class
com/ravish/bioprime/data/model/Tbdocumentnumbering.class
com/ravish/bioprime/repository/SampleinvertRepository.class
com/ravish/bioprime/payload/Checkboxmodel.class
com/ravish/bioprime/config/LocationDataSourceMap.class
com/ravish/bioprime/payload/User.class
com/ravish/bioprime/payload/SampleModel.class
com/ravish/bioprime/repository/UnitOfMeasureRepository.class
com/ravish/bioprime/payload/DropdownModel.class
com/ravish/bioprime/payload/workflowrolemodel.class
com/ravish/bioprime/config/JwtAuthenticationFilter.class
com/ravish/bioprime/api/TransactionApi.class
com/ravish/bioprime/payload/SampleinvertModel.class
com/ravish/bioprime/data/model/Tbuseractivityactivityacess.class
com/ravish/bioprime/repository/IsolateRepository.class
com/ravish/bioprime/config/LocationRoutingDatasource.class
com/ravish/bioprime/payload/DropDownModel1.class
com/ravish/bioprime/repository/MenuRepository.class
com/ravish/bioprime/service/diff_match_patch.class
com/ravish/bioprime/tenants/Tenant.class
com/ravish/bioprime/data/model/Tbcommonmaster.class
com/ravish/bioprime/util/ListToTree.class
com/ravish/bioprime/data/model/Tbparam.class
com/ravish/bioprime/page/service/BmsConfigurationService.class
com/ravish/bioprime/payload/Message.class
com/ravish/bioprime/service/diff_match_patch$Patch.class
com/ravish/bioprime/repository/MicrobemasterReository.class
com/ravish/bioprime/payload/SaveSuccessModel.class
com/ravish/bioprime/page/service/ActivityService.class
com/ravish/bioprime/api/MasterApi.class
com/ravish/bioprime/page/service/DocumentNumberingService.class
com/ravish/bioprime/repository/UsergroupRepository.class
com/ravish/bioprime/payload/validator.class
com/ravish/bioprime/payload/ResourceModel.class
com/ravish/bioprime/data/model/TbcustomerModule.class
com/ravish/bioprime/ServletInitializer.class
com/ravish/bioprime/repository/CustomerSubModuleRepository.class
com/ravish/bioprime/payload/UnitOfMeasureModel.class
com/ravish/bioprime/data/model/Tbsampleinverd.class
com/ravish/bioprime/payload/MenuModel.class
com/ravish/bioprime/data/model/Tbresource.class
com/ravish/bioprime/service/UserService.class
com/ravish/bioprime/repository/ParamRepository.class
com/ravish/bioprime/service/MenuService.class
com/ravish/bioprime/page/service/IsolateService$1.class
com/ravish/bioprime/payload/ParamModel.class
com/ravish/bioprime/payload/employeeMasterModel.class
com/ravish/bioprime/data/model/Tbworkflowrole.class
com/ravish/bioprime/config/WebMvcConfig.class
com/ravish/bioprime/repository/DefinepageRespository.class
com/ravish/bioprime/api/LoginApi.class
com/ravish/bioprime/payload/DesignationAllowanceModel.class
com/ravish/bioprime/data/model/Tbbmsconfiguration.class
com/ravish/bioprime/data/model/Tbactivitytrans.class
com/ravish/bioprime/payload/DropDownModel2.class
com/ravish/bioprime/repository/CommonMasterRepository.class
com/ravish/bioprime/service/diff_match_patch$1.class
com/ravish/bioprime/config/LocationPersistenceConfig.class
com/ravish/bioprime/BioprimeApplication.class
com/ravish/bioprime/page/service/ParameterconfService$2.class
com/ravish/bioprime/page/service/DesignationService.class
com/ravish/bioprime/data/model/Tbactivity.class
com/ravish/bioprime/page/service/ParameterconfService$1.class
com/ravish/bioprime/payload/UserActivityAcessModel.class
com/ravish/bioprime/data/model/TbMicrobeType.class
com/ravish/bioprime/data/model/Tbdesignation.class
com/ravish/bioprime/payload/DesignationModel.class
com/ravish/bioprime/page/service/ParameterconfService.class
com/ravish/bioprime/page/service/EmloyeeMasterService.class
com/ravish/bioprime/payload/CommonMasterModel.class
com/ravish/bioprime/page/service/SampleinverdService.class
com/ravish/bioprime/repository/ResourceRepository.class
com/ravish/bioprime/service/diff_match_patch$Operation.class
com/ravish/bioprime/data/model/TbemployeeMaster.class
com/ravish/bioprime/shorturl/ShortdataResponse.class
com/ravish/bioprime/config/JwtTokenProvider.class
com/ravish/bioprime/payload/Node.class
com/ravish/bioprime/repository/DocumentNumberingRepository.class
com/ravish/bioprime/data/model/Tbcommonmastertype.class
com/ravish/bioprime/repository/DesignationRepository.class
com/ravish/bioprime/config/UserPrincipal.class
com/ravish/bioprime/repository/EmployeeMasterRepository.class
com/ravish/bioprime/page/service/WorkflowroleService.class
com/ravish/bioprime/payload/LoginRequest.class
com/ravish/bioprime/payload/CompanyModel.class
com/ravish/bioprime/data/model/Tbusergroup.class
com/ravish/bioprime/payload/SubMenuModel.class
com/ravish/bioprime/payload/MicrobeMasterModel.class
com/ravish/bioprime/payload/IsolateModel.class
com/ravish/bioprime/config/JwtAuthenticationEntryPoint.class
com/ravish/bioprime/api/MenuApi.class
