/home/ramanujan/Documents/BioPrimeR&D/BioprimeServer/src/main/java/com/ravish/bioprime/payload/validator.java
/home/ramanujan/Documents/BioPrimeR&D/BioprimeServer/src/main/java/com/ravish/bioprime/payload/workflowrolemodel.java
/home/ramanujan/Documents/BioPrimeR&D/BioprimeServer/src/main/java/com/ravish/bioprime/page/service/ActivityService.java
/home/ramanujan/Documents/BioPrimeR&D/BioprimeServer/src/main/java/com/ravish/bioprime/data/model/TbMicrobeType.java
/home/ramanujan/Documents/BioPrimeR&D/BioprimeServer/src/main/java/com/ravish/bioprime/data/model/Tbcommonmastertype.java
/home/ramanujan/Documents/BioPrimeR&D/BioprimeServer/src/main/java/com/ravish/bioprime/repository/BmsConfigurationRepository.java
/home/ramanujan/Documents/BioPrimeR&D/BioprimeServer/src/main/java/com/ravish/bioprime/ServletInitializer.java
/home/ramanujan/Documents/BioPrimeR&D/BioprimeServer/src/main/java/com/ravish/bioprime/payload/UserActivityAcessModel.java
/home/ramanujan/Documents/BioPrimeR&D/BioprimeServer/src/main/java/com/ravish/bioprime/payload/ModuleItemModel.java
/home/ramanujan/Documents/BioPrimeR&D/BioprimeServer/src/main/java/com/ravish/bioprime/data/model/Tbdocumentnumbering.java
/home/ramanujan/Documents/BioPrimeR&D/BioprimeServer/src/main/java/com/ravish/bioprime/api/MasterApi.java
/home/ramanujan/Documents/BioPrimeR&D/BioprimeServer/src/main/java/com/ravish/bioprime/page/service/DepartmentService.java
/home/ramanujan/Documents/BioPrimeR&D/BioprimeServer/src/main/java/com/ravish/bioprime/repository/WorkflowroleRepository.java
/home/ramanujan/Documents/BioPrimeR&D/BioprimeServer/src/main/java/com/ravish/bioprime/config/JwtAuthenticationEntryPoint.java
/home/ramanujan/Documents/BioPrimeR&D/BioprimeServer/src/main/java/com/ravish/bioprime/CurrentTenantId.java
/home/ramanujan/Documents/BioPrimeR&D/BioprimeServer/src/main/java/com/ravish/bioprime/repository/CommonMasterRepository.java
/home/ramanujan/Documents/BioPrimeR&D/BioprimeServer/src/main/java/com/ravish/bioprime/repository/ResourceRepository.java
/home/ramanujan/Documents/BioPrimeR&D/BioprimeServer/src/main/java/com/ravish/bioprime/payload/activityModel.java
/home/ramanujan/Documents/BioPrimeR&D/BioprimeServer/src/main/java/com/ravish/bioprime/payload/Node.java
/home/ramanujan/Documents/BioPrimeR&D/BioprimeServer/src/main/java/com/ravish/bioprime/repository/CustomerSubModuleRepository.java
/home/ramanujan/Documents/BioPrimeR&D/BioprimeServer/src/main/java/com/ravish/bioprime/payload/MenuModel.java
/home/ramanujan/Documents/BioPrimeR&D/BioprimeServer/src/main/java/com/ravish/bioprime/tenants/TenantRepository.java
/home/ramanujan/Documents/BioPrimeR&D/BioprimeServer/src/main/java/com/ravish/bioprime/repository/ActivityRepository.java
/home/ramanujan/Documents/BioPrimeR&D/BioprimeServer/src/main/java/com/ravish/bioprime/repository/MenuRepository.java
/home/ramanujan/Documents/BioPrimeR&D/BioprimeServer/src/main/java/com/ravish/bioprime/payload/MenuPayload.java
/home/ramanujan/Documents/BioPrimeR&D/BioprimeServer/src/main/java/com/ravish/bioprime/repository/CommonMasterTypeRepository.java
/home/ramanujan/Documents/BioPrimeR&D/BioprimeServer/src/main/java/com/ravish/bioprime/page/service/CommonMasterService.java
/home/ramanujan/Documents/BioPrimeR&D/BioprimeServer/src/main/java/com/ravish/bioprime/repository/EmployeeMasterRepository.java
/home/ramanujan/Documents/BioPrimeR&D/BioprimeServer/src/main/java/com/ravish/bioprime/payload/SubChildMenuModel.java
/home/ramanujan/Documents/BioPrimeR&D/BioprimeServer/src/main/java/com/ravish/bioprime/data/model/Tbactivity.java
/home/ramanujan/Documents/BioPrimeR&D/BioprimeServer/src/main/java/com/ravish/bioprime/data/model/Tbunitofmeasure.java
/home/ramanujan/Documents/BioPrimeR&D/BioprimeServer/src/main/java/com/ravish/bioprime/config/AuditorAwareImpl.java
/home/ramanujan/Documents/BioPrimeR&D/BioprimeServer/src/main/java/com/ravish/bioprime/repository/ParamRepository.java
/home/ramanujan/Documents/BioPrimeR&D/BioprimeServer/src/main/java/com/ravish/bioprime/payload/SampleModel.java
/home/ramanujan/Documents/BioPrimeR&D/BioprimeServer/src/main/java/com/ravish/bioprime/page/service/SampleinverdService.java
/home/ramanujan/Documents/BioPrimeR&D/BioprimeServer/src/main/java/com/ravish/bioprime/payload/UserModel.java
/home/ramanujan/Documents/BioPrimeR&D/BioprimeServer/src/main/java/com/ravish/bioprime/data/model/Tbmenu.java
/home/ramanujan/Documents/BioPrimeR&D/BioprimeServer/src/main/java/com/ravish/bioprime/payload/Checkboxmodel.java
/home/ramanujan/Documents/BioPrimeR&D/BioprimeServer/src/main/java/com/ravish/bioprime/shorturl/ShortdataResponse.java
/home/ramanujan/Documents/BioPrimeR&D/BioprimeServer/src/main/java/com/ravish/bioprime/page/service/DesignationService.java
/home/ramanujan/Documents/BioPrimeR&D/BioprimeServer/src/main/java/com/ravish/bioprime/payload/DesignationAllowanceModel.java
/home/ramanujan/Documents/BioPrimeR&D/BioprimeServer/src/main/java/com/ravish/bioprime/config/LocationDataSourceMap.java
/home/ramanujan/Documents/BioPrimeR&D/BioprimeServer/src/main/java/com/ravish/bioprime/service/MenuService.java
/home/ramanujan/Documents/BioPrimeR&D/BioprimeServer/src/main/java/com/ravish/bioprime/page/service/UserActivityAccess.java
/home/ramanujan/Documents/BioPrimeR&D/BioprimeServer/src/main/java/com/ravish/bioprime/payload/BmsConfigurationModel.java
/home/ramanujan/Documents/BioPrimeR&D/BioprimeServer/src/main/java/com/ravish/bioprime/BioprimeApplication.java
/home/ramanujan/Documents/BioPrimeR&D/BioprimeServer/src/main/java/com/ravish/bioprime/repository/UserActivityAccessRepository.java
/home/ramanujan/Documents/BioPrimeR&D/BioprimeServer/src/main/java/com/ravish/bioprime/data/model/Tbparam.java
/home/ramanujan/Documents/BioPrimeR&D/BioprimeServer/src/main/java/com/ravish/bioprime/repository/MicrobemasterReository.java
/home/ramanujan/Documents/BioPrimeR&D/BioprimeServer/src/main/java/com/ravish/bioprime/payload/ResourceModel.java
/home/ramanujan/Documents/BioPrimeR&D/BioprimeServer/src/main/java/com/ravish/bioprime/repository/IsolateRepository.java
/home/ramanujan/Documents/BioPrimeR&D/BioprimeServer/src/main/java/com/ravish/bioprime/config/JwtAuthenticationFilter.java
/home/ramanujan/Documents/BioPrimeR&D/BioprimeServer/src/main/java/com/ravish/bioprime/Test.java
/home/ramanujan/Documents/BioPrimeR&D/BioprimeServer/src/main/java/com/ravish/bioprime/data/model/TbcustomerModule.java
/home/ramanujan/Documents/BioPrimeR&D/BioprimeServer/src/main/java/com/ravish/bioprime/config/WebMvcConfig.java
/home/ramanujan/Documents/BioPrimeR&D/BioprimeServer/src/main/java/com/ravish/bioprime/data/model/Tbuseractivityactivityacess.java
/home/ramanujan/Documents/BioPrimeR&D/BioprimeServer/src/main/java/com/ravish/bioprime/payload/User.java
/home/ramanujan/Documents/BioPrimeR&D/BioprimeServer/src/main/java/com/ravish/bioprime/repository/DocumentNumberingRepository.java
/home/ramanujan/Documents/BioPrimeR&D/BioprimeServer/src/main/java/com/ravish/bioprime/payload/DropDownModel2.java
/home/ramanujan/Documents/BioPrimeR&D/BioprimeServer/src/main/java/com/ravish/bioprime/repository/DesignationRepository.java
/home/ramanujan/Documents/BioPrimeR&D/BioprimeServer/src/main/java/com/ravish/bioprime/payload/CommonMasterModel.java
/home/ramanujan/Documents/BioPrimeR&D/BioprimeServer/src/main/java/com/ravish/bioprime/payload/UnitOfMeasureModel.java
/home/ramanujan/Documents/BioPrimeR&D/BioprimeServer/src/main/java/com/ravish/bioprime/payload/MicrobeMasterModel.java
/home/ramanujan/Documents/BioPrimeR&D/BioprimeServer/src/main/java/com/ravish/bioprime/config/UserPrincipal.java
/home/ramanujan/Documents/BioPrimeR&D/BioprimeServer/src/main/java/com/ravish/bioprime/csvreader.java
/home/ramanujan/Documents/BioPrimeR&D/BioprimeServer/src/main/java/com/ravish/bioprime/data/model/Tbworkflowrole.java
/home/ramanujan/Documents/BioPrimeR&D/BioprimeServer/src/main/java/com/ravish/bioprime/tenants/Tenant.java
/home/ramanujan/Documents/BioPrimeR&D/BioprimeServer/src/main/java/com/ravish/bioprime/repository/SampleinvertRepository.java
/home/ramanujan/Documents/BioPrimeR&D/BioprimeServer/src/main/java/com/ravish/bioprime/data/model/Tbsampleinverd.java
/home/ramanujan/Documents/BioPrimeR&D/BioprimeServer/src/main/java/com/ravish/bioprime/page/service/DocumentNumberingService.java
/home/ramanujan/Documents/BioPrimeR&D/BioprimeServer/src/main/java/com/ravish/bioprime/config/SecurityConfig.java
/home/ramanujan/Documents/BioPrimeR&D/BioprimeServer/src/main/java/com/ravish/bioprime/data/model/Tbcommonmaster.java
/home/ramanujan/Documents/BioPrimeR&D/BioprimeServer/src/main/java/com/ravish/bioprime/payload/DropdownModel.java
/home/ramanujan/Documents/BioPrimeR&D/BioprimeServer/src/main/java/com/ravish/bioprime/payload/employeeMasterModel.java
/home/ramanujan/Documents/BioPrimeR&D/BioprimeServer/src/main/java/com/ravish/bioprime/shorturl/TestSpring.java
/home/ramanujan/Documents/BioPrimeR&D/BioprimeServer/src/main/java/com/ravish/bioprime/payload/DepartmentModel.java
/home/ramanujan/Documents/BioPrimeR&D/BioprimeServer/src/main/java/com/ravish/bioprime/page/service/NativeSqlService.java
/home/ramanujan/Documents/BioPrimeR&D/BioprimeServer/src/main/java/com/ravish/bioprime/data/model/DefinePages.java
/home/ramanujan/Documents/BioPrimeR&D/BioprimeServer/src/main/java/com/ravish/bioprime/payload/ParamModel.java
/home/ramanujan/Documents/BioPrimeR&D/BioprimeServer/src/main/java/com/ravish/bioprime/data/model/Tbdesignation.java
/home/ramanujan/Documents/BioPrimeR&D/BioprimeServer/src/main/java/com/ravish/bioprime/payload/CompanyModel.java
/home/ramanujan/Documents/BioPrimeR&D/BioprimeServer/src/main/java/com/ravish/bioprime/payload/SubMenuModel.java
/home/ramanujan/Documents/BioPrimeR&D/BioprimeServer/src/main/java/com/ravish/bioprime/util/ListToTree.java
/home/ramanujan/Documents/BioPrimeR&D/BioprimeServer/src/main/java/com/ravish/bioprime/page/service/WorkflowroleService.java
/home/ramanujan/Documents/BioPrimeR&D/BioprimeServer/src/main/java/com/ravish/bioprime/payload/Message.java
/home/ramanujan/Documents/BioPrimeR&D/BioprimeServer/src/main/java/com/ravish/bioprime/repository/UnitOfMeasureRepository.java
/home/ramanujan/Documents/BioPrimeR&D/BioprimeServer/src/main/java/com/ravish/bioprime/payload/DropDownModel1.java
/home/ramanujan/Documents/BioPrimeR&D/BioprimeServer/src/main/java/com/ravish/bioprime/shorturl/ShortUrlResponse.java
/home/ramanujan/Documents/BioPrimeR&D/BioprimeServer/src/main/java/com/ravish/bioprime/repository/UsergroupRepository.java
/home/ramanujan/Documents/BioPrimeR&D/BioprimeServer/src/main/java/com/ravish/bioprime/payload/Node1.java
/home/ramanujan/Documents/BioPrimeR&D/BioprimeServer/src/main/java/com/ravish/bioprime/payload/ToDoModel.java
/home/ramanujan/Documents/BioPrimeR&D/BioprimeServer/src/main/java/com/ravish/bioprime/page/service/IsolateService.java
/home/ramanujan/Documents/BioPrimeR&D/BioprimeServer/src/main/java/com/ravish/bioprime/repository/CustomerModuleRepository.java
/home/ramanujan/Documents/BioPrimeR&D/BioprimeServer/src/main/java/com/ravish/bioprime/payload/IsolateModel.java
/home/ramanujan/Documents/BioPrimeR&D/BioprimeServer/src/main/java/com/ravish/bioprime/api/LoginApi.java
/home/ramanujan/Documents/BioPrimeR&D/BioprimeServer/src/main/java/com/ravish/bioprime/data/model/TbDepartment.java
/home/ramanujan/Documents/BioPrimeR&D/BioprimeServer/src/main/java/com/ravish/bioprime/payload/LoginRequest.java
/home/ramanujan/Documents/BioPrimeR&D/BioprimeServer/src/main/java/com/ravish/bioprime/repository/DepartmentRepository.java
/home/ramanujan/Documents/BioPrimeR&D/BioprimeServer/src/main/java/com/ravish/bioprime/data/model/TbMicrobeTypeMaster.java
/home/ramanujan/Documents/BioPrimeR&D/BioprimeServer/src/main/java/com/ravish/bioprime/config/LocationRoutingDatasource.java
/home/ramanujan/Documents/BioPrimeR&D/BioprimeServer/src/main/java/com/ravish/bioprime/payload/JsonModel.java
/home/ramanujan/Documents/BioPrimeR&D/BioprimeServer/src/main/java/com/ravish/bioprime/payload/DataType.java
/home/ramanujan/Documents/BioPrimeR&D/BioprimeServer/src/main/java/com/ravish/bioprime/service/UserService.java
/home/ramanujan/Documents/BioPrimeR&D/BioprimeServer/src/main/java/com/ravish/bioprime/data/model/Tbactivitytrans.java
/home/ramanujan/Documents/BioPrimeR&D/BioprimeServer/src/main/java/com/ravish/bioprime/data/model/Tbusergroup.java
/home/ramanujan/Documents/BioPrimeR&D/BioprimeServer/src/main/java/com/ravish/bioprime/page/service/UnitOfMeasureService.java
/home/ramanujan/Documents/BioPrimeR&D/BioprimeServer/src/main/java/com/ravish/bioprime/page/service/ParameterconfService.java
/home/ramanujan/Documents/BioPrimeR&D/BioprimeServer/src/main/java/com/ravish/bioprime/config/JwtTokenProvider.java
/home/ramanujan/Documents/BioPrimeR&D/BioprimeServer/src/main/java/com/ravish/bioprime/repository/DefinepageRespository.java
/home/ramanujan/Documents/BioPrimeR&D/BioprimeServer/src/main/java/com/ravish/bioprime/service/diff_match_patch.java
/home/ramanujan/Documents/BioPrimeR&D/BioprimeServer/src/main/java/com/ravish/bioprime/util/DateUtil.java
/home/ramanujan/Documents/BioPrimeR&D/BioprimeServer/src/main/java/com/ravish/bioprime/payload/DesignationModel.java
/home/ramanujan/Documents/BioPrimeR&D/BioprimeServer/src/main/java/com/ravish/bioprime/data/model/TbemployeeMaster.java
/home/ramanujan/Documents/BioPrimeR&D/BioprimeServer/src/main/java/com/ravish/bioprime/data/model/Tbbmsconfiguration.java
/home/ramanujan/Documents/BioPrimeR&D/BioprimeServer/src/main/java/com/ravish/bioprime/api/MenuApi.java
/home/ramanujan/Documents/BioPrimeR&D/BioprimeServer/src/main/java/com/ravish/bioprime/page/service/BmsConfigurationService.java
/home/ramanujan/Documents/BioPrimeR&D/BioprimeServer/src/main/java/com/ravish/bioprime/payload/SampleinvertModel.java
/home/ramanujan/Documents/BioPrimeR&D/BioprimeServer/src/main/java/com/ravish/bioprime/payload/SaveSuccessModel.java
/home/ramanujan/Documents/BioPrimeR&D/BioprimeServer/src/main/java/com/ravish/bioprime/service/ShortUrlService.java
/home/ramanujan/Documents/BioPrimeR&D/BioprimeServer/src/main/java/com/ravish/bioprime/shorturl/Easytinyurl.java
/home/ramanujan/Documents/BioPrimeR&D/BioprimeServer/src/main/java/com/ravish/bioprime/config/LocationPersistenceConfig.java
/home/ramanujan/Documents/BioPrimeR&D/BioprimeServer/src/main/java/com/ravish/bioprime/api/TransactionApi.java
/home/ramanujan/Documents/BioPrimeR&D/BioprimeServer/src/main/java/com/ravish/bioprime/page/service/EmloyeeMasterService.java
/home/ramanujan/Documents/BioPrimeR&D/BioprimeServer/src/main/java/com/ravish/bioprime/data/model/Tbresource.java
/home/ramanujan/Documents/BioPrimeR&D/BioprimeServer/src/main/java/com/ravish/bioprime/page/service/ResourceService.java
